Archive member included to satisfy reference by file (symbol)

d:/st/stm32cubeide_1.10.1/stm32cubeide/plugins/com.st.stm32cube.ide.mcu.externaltools.gnu-tools-for-stm32.10.3-2021.10.win32_1.0.0.202111181127/tools/bin/../lib/gcc/arm-none-eabi/10.3.1/../../../../arm-none-eabi/lib/thumb/v7e-m+fp/hard\libc_nano.a(lib_a-errno.o)
                              ./Core/Src/syscalls.o (__errno)
d:/st/stm32cubeide_1.10.1/stm32cubeide/plugins/com.st.stm32cube.ide.mcu.externaltools.gnu-tools-for-stm32.10.3-2021.10.win32_1.0.0.202111181127/tools/bin/../lib/gcc/arm-none-eabi/10.3.1/../../../../arm-none-eabi/lib/thumb/v7e-m+fp/hard\libc_nano.a(lib_a-exit.o)
                              d:/st/stm32cubeide_1.10.1/stm32cubeide/plugins/com.st.stm32cube.ide.mcu.externaltools.gnu-tools-for-stm32.10.3-2021.10.win32_1.0.0.202111181127/tools/bin/../lib/gcc/arm-none-eabi/10.3.1/../../../../arm-none-eabi/lib/thumb/v7e-m+fp/hard/crt0.o (exit)
d:/st/stm32cubeide_1.10.1/stm32cubeide/plugins/com.st.stm32cube.ide.mcu.externaltools.gnu-tools-for-stm32.10.3-2021.10.win32_1.0.0.202111181127/tools/bin/../lib/gcc/arm-none-eabi/10.3.1/../../../../arm-none-eabi/lib/thumb/v7e-m+fp/hard\libc_nano.a(lib_a-impure.o)
                              d:/st/stm32cubeide_1.10.1/stm32cubeide/plugins/com.st.stm32cube.ide.mcu.externaltools.gnu-tools-for-stm32.10.3-2021.10.win32_1.0.0.202111181127/tools/bin/../lib/gcc/arm-none-eabi/10.3.1/../../../../arm-none-eabi/lib/thumb/v7e-m+fp/hard\libc_nano.a(lib_a-exit.o) (_global_impure_ptr)
d:/st/stm32cubeide_1.10.1/stm32cubeide/plugins/com.st.stm32cube.ide.mcu.externaltools.gnu-tools-for-stm32.10.3-2021.10.win32_1.0.0.202111181127/tools/bin/../lib/gcc/arm-none-eabi/10.3.1/../../../../arm-none-eabi/lib/thumb/v7e-m+fp/hard\libc_nano.a(lib_a-init.o)
                              d:/st/stm32cubeide_1.10.1/stm32cubeide/plugins/com.st.stm32cube.ide.mcu.externaltools.gnu-tools-for-stm32.10.3-2021.10.win32_1.0.0.202111181127/tools/bin/../lib/gcc/arm-none-eabi/10.3.1/../../../../arm-none-eabi/lib/thumb/v7e-m+fp/hard/crt0.o (__libc_init_array)
d:/st/stm32cubeide_1.10.1/stm32cubeide/plugins/com.st.stm32cube.ide.mcu.externaltools.gnu-tools-for-stm32.10.3-2021.10.win32_1.0.0.202111181127/tools/bin/../lib/gcc/arm-none-eabi/10.3.1/../../../../arm-none-eabi/lib/thumb/v7e-m+fp/hard\libc_nano.a(lib_a-memcpy-stub.o)
                              ./ThirdParty/FreeRTOS/queue.o (memcpy)
d:/st/stm32cubeide_1.10.1/stm32cubeide/plugins/com.st.stm32cube.ide.mcu.externaltools.gnu-tools-for-stm32.10.3-2021.10.win32_1.0.0.202111181127/tools/bin/../lib/gcc/arm-none-eabi/10.3.1/../../../../arm-none-eabi/lib/thumb/v7e-m+fp/hard\libc_nano.a(lib_a-memset.o)
                              d:/st/stm32cubeide_1.10.1/stm32cubeide/plugins/com.st.stm32cube.ide.mcu.externaltools.gnu-tools-for-stm32.10.3-2021.10.win32_1.0.0.202111181127/tools/bin/../lib/gcc/arm-none-eabi/10.3.1/../../../../arm-none-eabi/lib/thumb/v7e-m+fp/hard/crt0.o (memset)
d:/st/stm32cubeide_1.10.1/stm32cubeide/plugins/com.st.stm32cube.ide.mcu.externaltools.gnu-tools-for-stm32.10.3-2021.10.win32_1.0.0.202111181127/tools/bin/../lib/gcc/arm-none-eabi/10.3.1/thumb/v7e-m+fp/hard\libgcc.a(_aeabi_uldivmod.o)
                              ./Drivers/STM32F4xx_HAL_Driver/Src/stm32f4xx_hal_rcc.o (__aeabi_uldivmod)
d:/st/stm32cubeide_1.10.1/stm32cubeide/plugins/com.st.stm32cube.ide.mcu.externaltools.gnu-tools-for-stm32.10.3-2021.10.win32_1.0.0.202111181127/tools/bin/../lib/gcc/arm-none-eabi/10.3.1/thumb/v7e-m+fp/hard\libgcc.a(_udivmoddi4.o)
                              d:/st/stm32cubeide_1.10.1/stm32cubeide/plugins/com.st.stm32cube.ide.mcu.externaltools.gnu-tools-for-stm32.10.3-2021.10.win32_1.0.0.202111181127/tools/bin/../lib/gcc/arm-none-eabi/10.3.1/thumb/v7e-m+fp/hard\libgcc.a(_aeabi_uldivmod.o) (__udivmoddi4)
d:/st/stm32cubeide_1.10.1/stm32cubeide/plugins/com.st.stm32cube.ide.mcu.externaltools.gnu-tools-for-stm32.10.3-2021.10.win32_1.0.0.202111181127/tools/bin/../lib/gcc/arm-none-eabi/10.3.1/thumb/v7e-m+fp/hard\libgcc.a(_dvmd_tls.o)
                              d:/st/stm32cubeide_1.10.1/stm32cubeide/plugins/com.st.stm32cube.ide.mcu.externaltools.gnu-tools-for-stm32.10.3-2021.10.win32_1.0.0.202111181127/tools/bin/../lib/gcc/arm-none-eabi/10.3.1/thumb/v7e-m+fp/hard\libgcc.a(_aeabi_uldivmod.o) (__aeabi_ldiv0)

Discarded input sections

 .text          0x0000000000000000        0x0 d:/st/stm32cubeide_1.10.1/stm32cubeide/plugins/com.st.stm32cube.ide.mcu.externaltools.gnu-tools-for-stm32.10.3-2021.10.win32_1.0.0.202111181127/tools/bin/../lib/gcc/arm-none-eabi/10.3.1/thumb/v7e-m+fp/hard/crti.o
 .data          0x0000000000000000        0x0 d:/st/stm32cubeide_1.10.1/stm32cubeide/plugins/com.st.stm32cube.ide.mcu.externaltools.gnu-tools-for-stm32.10.3-2021.10.win32_1.0.0.202111181127/tools/bin/../lib/gcc/arm-none-eabi/10.3.1/thumb/v7e-m+fp/hard/crti.o
[...]
Memory Configuration

Name             Origin             Length             Attributes
RAM              0x0000000020000000 0x0000000000020000 xrw
FLASH            0x0000000008000000 0x0000000000080000 xr
*default*        0x0000000000000000 0xffffffffffffffff

Linker script and memory map

LOAD d:/st/stm32cubeide_1.10.1/stm32cubeide/plugins/com.st.stm32cube.ide.mcu.externaltools.gnu-tools-for-stm32.10.3-2021.10.win32_1.0.0.202111181127/tools/bin/../lib/gcc/arm-none-eabi/10.3.1/thumb/v7e-m+fp/hard/crti.o
LOAD d:/st/stm32cubeide_1.10.1/stm32cubeide/plugins/com.st.stm32cube.ide.mcu.externaltools.gnu-tools-for-stm32.10.3-2021.10.win32_1.0.0.202111181127/tools/bin/../lib/gcc/arm-none-eabi/10.3.1/thumb/v7e-m+fp/hard/crtbegin.o
LOAD d:/st/stm32cubeide_1.10.1/stm32cubeide/plugins/com.st.stm32cube.ide.mcu.externaltools.gnu-tools-for-stm32.10.3-2021.10.win32_1.0.0.202111181127/tools/bin/../lib/gcc/arm-none-eabi/10.3.1/../../../../arm-none-eabi/lib/thumb/v7e-m+fp/hard/crt0.o
LOAD ./Core/Src/main.o
LOAD ./Core/Src/stm32f4xx_hal_msp.o
LOAD ./Core/Src/stm32f4xx_hal_timebase_tim.o
LOAD ./Core/Src/stm32f4xx_it.o
LOAD ./Core/Src/syscalls.o
LOAD ./Core/Src/system_stm32f4xx.o
LOAD ./Core/Startup/startup_stm32f446retx.o
LOAD ./Drivers/STM32F4xx_HAL_Driver/Src/stm32f4xx_hal.o
LOAD ./Drivers/STM32F4xx_HAL_Driver/Src/stm32f4xx_hal_cortex.o
LOAD ./Drivers/STM32F4xx_HAL_Driver/Src/stm32f4xx_hal_dma.o
LOAD ./Drivers/STM32F4xx_HAL_Driver/Src/stm32f4xx_hal_dma_ex.o
LOAD ./Drivers/STM32F4xx_HAL_Driver/Src/stm32f4xx_hal_exti.o
LOAD ./Drivers/STM32F4xx_HAL_Driver/Src/stm32f4xx_hal_flash.o
LOAD ./Drivers/STM32F4xx_HAL_Driver/Src/stm32f4xx_hal_flash_ex.o
LOAD ./Drivers/STM32F4xx_HAL_Driver/Src/stm32f4xx_hal_flash_ramfunc.o
LOAD ./Drivers/STM32F4xx_HAL_Driver/Src/stm32f4xx_hal_gpio.o
LOAD ./Drivers/STM32F4xx_HAL_Driver/Src/stm32f4xx_hal_pwr.o
LOAD ./Drivers/STM32F4xx_HAL_Driver/Src/stm32f4xx_hal_pwr_ex.o
LOAD ./Drivers/STM32F4xx_HAL_Driver/Src/stm32f4xx_hal_rcc.o
LOAD ./Drivers/STM32F4xx_HAL_Driver/Src/stm32f4xx_hal_rcc_ex.o
LOAD ./Drivers/STM32F4xx_HAL_Driver/Src/stm32f4xx_hal_tim.o
LOAD ./Drivers/STM32F4xx_HAL_Driver/Src/stm32f4xx_hal_tim_ex.o
LOAD ./ThirdParty/FreeRTOS/croutine.o
LOAD ./ThirdParty/FreeRTOS/event_groups.o
LOAD ./ThirdParty/FreeRTOS/list.o
LOAD ./ThirdParty/FreeRTOS/queue.o
LOAD ./ThirdParty/FreeRTOS/stream_buffer.o
LOAD ./ThirdParty/FreeRTOS/tasks.o
LOAD ./ThirdParty/FreeRTOS/timers.o
LOAD ./ThirdParty/FreeRTOS/portable/GCC/ARM_CM4F/port.o
LOAD ./ThirdParty/FreeRTOS/portable/MemMang/heap_4.o
START GROUP
LOAD d:/st/stm32cubeide_1.10.1/stm32cubeide/plugins/com.st.stm32cube.ide.mcu.externaltools.gnu-tools-for-stm32.10.3-2021.10.win32_1.0.0.202111181127/tools/bin/../lib/gcc/arm-none-eabi/10.3.1/../../../../arm-none-eabi/lib/thumb/v7e-m+fp/hard\libc_nano.a
LOAD d:/st/stm32cubeide_1.10.1/stm32cubeide/plugins/com.st.stm32cube.ide.mcu.externaltools.gnu-tools-for-stm32.10.3-2021.10.win32_1.0.0.202111181127/tools/bin/../lib/gcc/arm-none-eabi/10.3.1/../../../../arm-none-eabi/lib/thumb/v7e-m+fp/hard\libm.a
END GROUP
START GROUP
LOAD d:/st/stm32cubeide_1.10.1/stm32cubeide/plugins/com.st.stm32cube.ide.mcu.externaltools.gnu-tools-for-stm32.10.3-2021.10.win32_1.0.0.202111181127/tools/bin/../lib/gcc/arm-none-eabi/10.3.1/thumb/v7e-m+fp/hard\libgcc.a
LOAD d:/st/stm32cubeide_1.10.1/stm32cubeide/plugins/com.st.stm32cube.ide.mcu.externaltools.gnu-tools-for-stm32.10.3-2021.10.win32_1.0.0.202111181127/tools/bin/../lib/gcc/arm-none-eabi/10.3.1/../../../../arm-none-eabi/lib/thumb/v7e-m+fp/hard\libc_nano.a
END GROUP
START GROUP
LOAD d:/st/stm32cubeide_1.10.1/stm32cubeide/plugins/com.st.stm32cube.ide.mcu.externaltools.gnu-tools-for-stm32.10.3-2021.10.win32_1.0.0.202111181127/tools/bin/../lib/gcc/arm-none-eabi/10.3.1/thumb/v7e-m+fp/hard\libgcc.a
LOAD d:/st/stm32cubeide_1.10.1/stm32cubeide/plugins/com.st.stm32cube.ide.mcu.externaltools.gnu-tools-for-stm32.10.3-2021.10.win32_1.0.0.202111181127/tools/bin/../lib/gcc/arm-none-eabi/10.3.1/../../../../arm-none-eabi/lib/thumb/v7e-m+fp/hard\libc_nano.a
LOAD d:/st/stm32cubeide_1.10.1/stm32cubeide/plugins/com.st.stm32cube.ide.mcu.externaltools.gnu-tools-for-stm32.10.3-2021.10.win32_1.0.0.202111181127/tools/bin/../lib/gcc/arm-none-eabi/10.3.1/../../../../arm-none-eabi/lib/thumb/v7e-m+fp/hard\libnosys.a
END GROUP
START GROUP
LOAD d:/st/stm32cubeide_1.10.1/stm32cubeide/plugins/com.st.stm32cube.ide.mcu.externaltools.gnu-tools-for-stm32.10.3-2021.10.win32_1.0.0.202111181127/tools/bin/../lib/gcc/arm-none-eabi/10.3.1/thumb/v7e-m+fp/hard\libgcc.a
LOAD d:/st/stm32cubeide_1.10.1/stm32cubeide/plugins/com.st.stm32cube.ide.mcu.externaltools.gnu-tools-for-stm32.10.3-2021.10.win32_1.0.0.202111181127/tools/bin/../lib/gcc/arm-none-eabi/10.3.1/../../../../arm-none-eabi/lib/thumb/v7e-m+fp/hard\libc_nano.a
LOAD d:/st/stm32cubeide_1.10.1/stm32cubeide/plugins/com.st.stm32cube.ide.mcu.externaltools.gnu-tools-for-stm32.10.3-2021.10.win32_1.0.0.202111181127/tools/bin/../lib/gcc/arm-none-eabi/10.3.1/../../../../arm-none-eabi/lib/thumb/v7e-m+fp/hard\libnosys.a
END GROUP
LOAD d:/st/stm32cubeide_1.10.1/stm32cubeide/plugins/com.st.stm32cube.ide.mcu.externaltools.gnu-tools-for-stm32.10.3-2021.10.win32_1.0.0.202111181127/tools/bin/../lib/gcc/arm-none-eabi/10.3.1/thumb/v7e-m+fp/hard/crtend.o
LOAD d:/st/stm32cubeide_1.10.1/stm32cubeide/plugins/com.st.stm32cube.ide.mcu.externaltools.gnu-tools-for-stm32.10.3-2021.10.win32_1.0.0.202111181127/tools/bin/../lib/gcc/arm-none-eabi/10.3.1/thumb/v7e-m+fp/hard/crtn.o
                0x0000000020020000                _estack = (ORIGIN (RAM) + LENGTH (RAM))
                0x0000000000000200                _Min_Heap_Size = 0x200
                0x0000000000000400                _Min_Stack_Size = 0x400

.isr_vector     0x0000000008000000      0x1c4
                0x0000000008000000                . = ALIGN (0x4)
 *(.isr_vector)
 .isr_vector    0x0000000008000000      0x1c4 ./Core/Startup/startup_stm32f446retx.o
                0x0000000008000000                g_pfnVectors
                0x00000000080001c4                . = ALIGN (0x4)

.text           0x00000000080001d0     0x2ed8
                0x00000000080001d0                . = ALIGN (0x4)
 *(.text)
 .text          0x00000000080001d0       0x40 d:/st/stm32cubeide_1.10.1/stm32cubeide/plugins/com.st.stm32cube.ide.mcu.externaltools.gnu-tools-for-stm32.10.3-2021.10.win32_1.0.0.202111181127/tools/bin/../lib/gcc/arm-none-eabi/10.3.1/thumb/v7e-m+fp/hard/crtbegin.o
 .text          0x0000000008000210       0x30 d:/st/stm32cubeide_1.10.1/stm32cubeide/plugins/com.st.stm32cube.ide.mcu.externaltools.gnu-tools-for-stm32.10.3-2021.10.win32_1.0.0.202111181127/tools/bin/../lib/gcc/arm-none-eabi/10.3.1/thumb/v7e-m+fp/hard\libgcc.a(_aeabi_uldivmod.o)
                0x0000000008000210                __aeabi_uldivmod
 .text          0x0000000008000240      0x2d0 d:/st/stm32cubeide_1.10.1/stm32cubeide/plugins/com.st.stm32cube.ide.mcu.externaltools.gnu-tools-for-stm32.10.3-2021.10.win32_1.0.0.202111181127/tools/bin/../lib/gcc/arm-none-eabi/10.3.1/thumb/v7e-m+fp/hard\libgcc.a(_udivmoddi4.o)
                0x0000000008000240                __udivmoddi4
 .text          0x0000000008000510        0x4 d:/st/stm32cubeide_1.10.1/stm32cubeide/plugins/com.st.stm32cube.ide.mcu.externaltools.gnu-tools-for-stm32.10.3-2021.10.win32_1.0.0.202111181127/tools/bin/../lib/gcc/arm-none-eabi/10.3.1/thumb/v7e-m+fp/hard\libgcc.a(_dvmd_tls.o)
                0x0000000008000510                __aeabi_idiv0
                0x0000000008000510                __aeabi_ldiv0
 *(.text*)
 .text.main     0x0000000008000514       0x94 ./Core/Src/main.o
                0x0000000008000514                main
 .text.SystemClock_Config
                0x00000000080005a8       0xdc ./Core/Src/main.o
                0x00000000080005a8                SystemClock_Config
 .text.MX_GPIO_Init
                0x0000000008000684       0xfc ./Core/Src/main.o
 .text.task1_handler
                0x0000000008000780       0x14 ./Core/Src/main.o
 .text.task2_handler
                0x0000000008000794       0x14 ./Core/Src/main.o
 .text.HAL_TIM_PeriodElapsedCallback
                0x00000000080007a8       0x24 ./Core/Src/main.o
                0x00000000080007a8                HAL_TIM_PeriodElapsedCallback
 .text.Error_Handler
                0x00000000080007cc        0xa ./Core/Src/main.o
                0x00000000080007cc                Error_Handler
 *fill*         0x00000000080007d6        0x2 
 .text.HAL_MspInit
                0x00000000080007d8       0x50 ./Core/Src/stm32f4xx_hal_msp.o
                0x00000000080007d8                HAL_MspInit
 .text.HAL_InitTick
                0x0000000008000828       0xf8 ./Core/Src/stm32f4xx_hal_timebase_tim.o
                0x0000000008000828                HAL_InitTick
 .text.NMI_Handler
                0x0000000008000920        0x6 ./Core/Src/stm32f4xx_it.o
                0x0000000008000920                NMI_Handler
 .text.HardFault_Handler
                0x0000000008000926        0x6 ./Core/Src/stm32f4xx_it.o
                0x0000000008000926                HardFault_Handler
 .text.MemManage_Handler
                0x000000000800092c        0x6 ./Core/Src/stm32f4xx_it.o
                0x000000000800092c                MemManage_Handler
 .text.BusFault_Handler
                0x0000000008000932        0x6 ./Core/Src/stm32f4xx_it.o
                0x0000000008000932                BusFault_Handler
 .text.UsageFault_Handler
                0x0000000008000938        0x6 ./Core/Src/stm32f4xx_it.o
                0x0000000008000938                UsageFault_Handler
 .text.DebugMon_Handler
                0x000000000800093e        0xe ./Core/Src/stm32f4xx_it.o
                0x000000000800093e                DebugMon_Handler
 .text.TIM6_DAC_IRQHandler
                0x000000000800094c       0x14 ./Core/Src/stm32f4xx_it.o
                0x000000000800094c                TIM6_DAC_IRQHandler
 .text.SystemInit
                0x0000000008000960       0x24 ./Core/Src/system_stm32f4xx.o
                0x0000000008000960                SystemInit
 .text.Reset_Handler
                0x0000000008000984       0x50 ./Core/Startup/startup_stm32f446retx.o
                0x0000000008000984                Reset_Handler
 .text.Default_Handler
                0x00000000080009d4        0x2 ./Core/Startup/startup_stm32f446retx.o
                0x00000000080009d4                RTC_Alarm_IRQHandler
                0x00000000080009d4                EXTI2_IRQHandler
                0x00000000080009d4                TIM8_CC_IRQHandler
                0x00000000080009d4                FMPI2C1_EV_IRQHandler
                0x00000000080009d4                SPI4_IRQHandler
                0x00000000080009d4                TIM1_CC_IRQHandler
                0x00000000080009d4                DMA2_Stream5_IRQHandler
                0x00000000080009d4                DMA1_Stream5_IRQHandler
                0x00000000080009d4                PVD_IRQHandler
                0x00000000080009d4                SDIO_IRQHandler
                0x00000000080009d4                TAMP_STAMP_IRQHandler
                0x00000000080009d4                CAN2_RX1_IRQHandler
                0x00000000080009d4                EXTI3_IRQHandler
                0x00000000080009d4                TIM8_TRG_COM_TIM14_IRQHandler
                0x00000000080009d4                TIM1_UP_TIM10_IRQHandler
                0x00000000080009d4                TIM8_UP_TIM13_IRQHandler
                0x00000000080009d4                I2C3_ER_IRQHandler
                0x00000000080009d4                EXTI0_IRQHandler
                0x00000000080009d4                I2C2_EV_IRQHandler
                0x00000000080009d4                DMA1_Stream2_IRQHandler
                0x00000000080009d4                CAN1_RX0_IRQHandler
                0x00000000080009d4                FPU_IRQHandler
                0x00000000080009d4                OTG_HS_WKUP_IRQHandler
                0x00000000080009d4                CAN2_SCE_IRQHandler
                0x00000000080009d4                DMA2_Stream2_IRQHandler
                0x00000000080009d4                SPI1_IRQHandler
                0x00000000080009d4                TIM1_BRK_TIM9_IRQHandler
                0x00000000080009d4                DCMI_IRQHandler
                0x00000000080009d4                CAN2_RX0_IRQHandler
                0x00000000080009d4                DMA2_Stream3_IRQHandler
                0x00000000080009d4                SAI2_IRQHandler
                0x00000000080009d4                USART6_IRQHandler
                0x00000000080009d4                USART3_IRQHandler
                0x00000000080009d4                CAN1_RX1_IRQHandler
                0x00000000080009d4                UART5_IRQHandler
                0x00000000080009d4                DMA2_Stream0_IRQHandler
                0x00000000080009d4                TIM4_IRQHandler
                0x00000000080009d4                QUADSPI_IRQHandler
                0x00000000080009d4                I2C1_EV_IRQHandler
                0x00000000080009d4                DMA1_Stream6_IRQHandler
                0x00000000080009d4                DMA1_Stream1_IRQHandler
                0x00000000080009d4                UART4_IRQHandler
                0x00000000080009d4                TIM3_IRQHandler
                0x00000000080009d4                RCC_IRQHandler
                0x00000000080009d4                TIM8_BRK_TIM12_IRQHandler
                0x00000000080009d4                Default_Handler
                0x00000000080009d4                CEC_IRQHandler
                0x00000000080009d4                EXTI15_10_IRQHandler
                0x00000000080009d4                ADC_IRQHandler
                0x00000000080009d4                DMA1_Stream7_IRQHandler
                0x00000000080009d4                TIM7_IRQHandler
                0x00000000080009d4                CAN2_TX_IRQHandler
                0x00000000080009d4                TIM5_IRQHandler
                0x00000000080009d4                DMA2_Stream7_IRQHandler
                0x00000000080009d4                I2C3_EV_IRQHandler
                0x00000000080009d4                EXTI9_5_IRQHandler
                0x00000000080009d4                RTC_WKUP_IRQHandler
                0x00000000080009d4                SPDIF_RX_IRQHandler
                0x00000000080009d4                SPI2_IRQHandler
                0x00000000080009d4                OTG_HS_EP1_IN_IRQHandler
                0x00000000080009d4                DMA1_Stream0_IRQHandler
                0x00000000080009d4                CAN1_TX_IRQHandler
                0x00000000080009d4                FMPI2C1_ER_IRQHandler
                0x00000000080009d4                EXTI4_IRQHandler
                0x00000000080009d4                OTG_HS_EP1_OUT_IRQHandler
                0x00000000080009d4                WWDG_IRQHandler
                0x00000000080009d4                TIM2_IRQHandler
                0x00000000080009d4                OTG_FS_WKUP_IRQHandler
                0x00000000080009d4                TIM1_TRG_COM_TIM11_IRQHandler
                0x00000000080009d4                OTG_HS_IRQHandler
                0x00000000080009d4                EXTI1_IRQHandler
                0x00000000080009d4                USART2_IRQHandler
                0x00000000080009d4                I2C2_ER_IRQHandler
                0x00000000080009d4                DMA2_Stream1_IRQHandler
                0x00000000080009d4                CAN1_SCE_IRQHandler
                0x00000000080009d4                FLASH_IRQHandler
                0x00000000080009d4                DMA2_Stream4_IRQHandler
                0x00000000080009d4                USART1_IRQHandler
                0x00000000080009d4                OTG_FS_IRQHandler
                0x00000000080009d4                SPI3_IRQHandler
                0x00000000080009d4                DMA1_Stream4_IRQHandler
                0x00000000080009d4                I2C1_ER_IRQHandler
                0x00000000080009d4                FMC_IRQHandler
                0x00000000080009d4                DMA2_Stream6_IRQHandler
                0x00000000080009d4                SAI1_IRQHandler
                0x00000000080009d4                DMA1_Stream3_IRQHandler
 *fill*         0x00000000080009d6        0x2 
 .text.HAL_Init
                0x00000000080009d8       0x44 ./Drivers/STM32F4xx_HAL_Driver/Src/stm32f4xx_hal.o
                0x00000000080009d8                HAL_Init
 .text.HAL_IncTick
                0x0000000008000a1c       0x28 ./Drivers/STM32F4xx_HAL_Driver/Src/stm32f4xx_hal.o
                0x0000000008000a1c                HAL_IncTick
 .text.HAL_GetTick
                0x0000000008000a44       0x18 ./Drivers/STM32F4xx_HAL_Driver/Src/stm32f4xx_hal.o
                0x0000000008000a44                HAL_GetTick
 .text.__NVIC_SetPriorityGrouping
                0x0000000008000a5c       0x48 ./Drivers/STM32F4xx_HAL_Driver/Src/stm32f4xx_hal_cortex.o
 .text.__NVIC_GetPriorityGrouping
                0x0000000008000aa4       0x1c ./Drivers/STM32F4xx_HAL_Driver/Src/stm32f4xx_hal_cortex.o
 .text.__NVIC_EnableIRQ
                0x0000000008000ac0       0x3c ./Drivers/STM32F4xx_HAL_Driver/Src/stm32f4xx_hal_cortex.o
 .text.__NVIC_SetPriority
                0x0000000008000afc       0x54 ./Drivers/STM32F4xx_HAL_Driver/Src/stm32f4xx_hal_cortex.o
 .text.NVIC_EncodePriority
                0x0000000008000b50       0x66 ./Drivers/STM32F4xx_HAL_Driver/Src/stm32f4xx_hal_cortex.o
 .text.HAL_NVIC_SetPriorityGrouping
                0x0000000008000bb6       0x16 ./Drivers/STM32F4xx_HAL_Driver/Src/stm32f4xx_hal_cortex.o
                0x0000000008000bb6                HAL_NVIC_SetPriorityGrouping
 .text.HAL_NVIC_SetPriority
                0x0000000008000bcc       0x38 ./Drivers/STM32F4xx_HAL_Driver/Src/stm32f4xx_hal_cortex.o
                0x0000000008000bcc                HAL_NVIC_SetPriority
 .text.HAL_NVIC_EnableIRQ
                0x0000000008000c04       0x1c ./Drivers/STM32F4xx_HAL_Driver/Src/stm32f4xx_hal_cortex.o
                0x0000000008000c04                HAL_NVIC_EnableIRQ
 .text.HAL_GPIO_Init
                0x0000000008000c20      0x328 ./Drivers/STM32F4xx_HAL_Driver/Src/stm32f4xx_hal_gpio.o
                0x0000000008000c20                HAL_GPIO_Init
 .text.HAL_GPIO_WritePin
                0x0000000008000f48       0x32 ./Drivers/STM32F4xx_HAL_Driver/Src/stm32f4xx_hal_gpio.o
                0x0000000008000f48                HAL_GPIO_WritePin
 *fill*         0x0000000008000f7a        0x2 
 .text.HAL_RCC_ClockConfig
                0x0000000008000f7c      0x1cc ./Drivers/STM32F4xx_HAL_Driver/Src/stm32f4xx_hal_rcc.o
                0x0000000008000f7c                HAL_RCC_ClockConfig
 .text.HAL_RCC_GetHCLKFreq
                0x0000000008001148       0x18 ./Drivers/STM32F4xx_HAL_Driver/Src/stm32f4xx_hal_rcc.o
                0x0000000008001148                HAL_RCC_GetHCLKFreq
 .text.HAL_RCC_GetPCLK1Freq
                0x0000000008001160       0x28 ./Drivers/STM32F4xx_HAL_Driver/Src/stm32f4xx_hal_rcc.o
                0x0000000008001160                HAL_RCC_GetPCLK1Freq
 .text.HAL_RCC_GetClockConfig
                0x0000000008001188       0x64 ./Drivers/STM32F4xx_HAL_Driver/Src/stm32f4xx_hal_rcc.o
                0x0000000008001188                HAL_RCC_GetClockConfig
 .text.HAL_RCC_GetSysClockFreq
                0x00000000080011ec      0x460 ./Drivers/STM32F4xx_HAL_Driver/Src/stm32f4xx_hal_rcc_ex.o
                0x00000000080011ec                HAL_RCC_GetSysClockFreq
 .text.HAL_RCC_OscConfig
                0x000000000800164c      0x53c ./Drivers/STM32F4xx_HAL_Driver/Src/stm32f4xx_hal_rcc_ex.o
                0x000000000800164c                HAL_RCC_OscConfig
 .text.HAL_TIM_Base_Init
                0x0000000008001b88       0x9e ./Drivers/STM32F4xx_HAL_Driver/Src/stm32f4xx_hal_tim.o
                0x0000000008001b88                HAL_TIM_Base_Init
 .text.HAL_TIM_Base_MspInit
                0x0000000008001c26       0x14 ./Drivers/STM32F4xx_HAL_Driver/Src/stm32f4xx_hal_tim.o
                0x0000000008001c26                HAL_TIM_Base_MspInit
 *fill*         0x0000000008001c3a        0x2 
 .text.HAL_TIM_Base_Start_IT
                0x0000000008001c3c       0xe0 ./Drivers/STM32F4xx_HAL_Driver/Src/stm32f4xx_hal_tim.o
                0x0000000008001c3c                HAL_TIM_Base_Start_IT
 .text.HAL_TIM_IRQHandler
                0x0000000008001d1c      0x210 ./Drivers/STM32F4xx_HAL_Driver/Src/stm32f4xx_hal_tim.o
                0x0000000008001d1c                HAL_TIM_IRQHandler
 .text.HAL_TIM_OC_DelayElapsedCallback
                0x0000000008001f2c       0x14 ./Drivers/STM32F4xx_HAL_Driver/Src/stm32f4xx_hal_tim.o
                0x0000000008001f2c                HAL_TIM_OC_DelayElapsedCallback
 .text.HAL_TIM_IC_CaptureCallback
                0x0000000008001f40       0x14 ./Drivers/STM32F4xx_HAL_Driver/Src/stm32f4xx_hal_tim.o
                0x0000000008001f40                HAL_TIM_IC_CaptureCallback
 .text.HAL_TIM_PWM_PulseFinishedCallback
                0x0000000008001f54       0x14 ./Drivers/STM32F4xx_HAL_Driver/Src/stm32f4xx_hal_tim.o
                0x0000000008001f54                HAL_TIM_PWM_PulseFinishedCallback
 .text.HAL_TIM_TriggerCallback
                0x0000000008001f68       0x14 ./Drivers/STM32F4xx_HAL_Driver/Src/stm32f4xx_hal_tim.o
                0x0000000008001f68                HAL_TIM_TriggerCallback
 .text.TIM_Base_SetConfig
                0x0000000008001f7c      0x140 ./Drivers/STM32F4xx_HAL_Driver/Src/stm32f4xx_hal_tim.o
                0x0000000008001f7c                TIM_Base_SetConfig
 .text.HAL_TIMEx_CommutCallback
                0x00000000080020bc       0x14 ./Drivers/STM32F4xx_HAL_Driver/Src/stm32f4xx_hal_tim_ex.o
                0x00000000080020bc                HAL_TIMEx_CommutCallback
 .text.HAL_TIMEx_BreakCallback
                0x00000000080020d0       0x14 ./Drivers/STM32F4xx_HAL_Driver/Src/stm32f4xx_hal_tim_ex.o
                0x00000000080020d0                HAL_TIMEx_BreakCallback
 .text.vListInitialise
                0x00000000080020e4       0x40 ./ThirdParty/FreeRTOS/list.o
                0x00000000080020e4                vListInitialise
 .text.vListInitialiseItem
                0x0000000008002124       0x1a ./ThirdParty/FreeRTOS/list.o
                0x0000000008002124                vListInitialiseItem
 .text.xTaskCreate
                0x000000000800213e       0x82 ./ThirdParty/FreeRTOS/tasks.o
                0x000000000800213e                xTaskCreate
 .text.prvInitialiseNewTask
                0x00000000080021c0      0x148 ./ThirdParty/FreeRTOS/tasks.o
 .text.prvAddNewTaskToReadyList
                0x0000000008002308      0x12c ./ThirdParty/FreeRTOS/tasks.o
 .text.vTaskSuspendAll
                0x0000000008002434       0x1c ./ThirdParty/FreeRTOS/tasks.o
                0x0000000008002434                vTaskSuspendAll
 .text.xTaskResumeAll
                0x0000000008002450      0x1f8 ./ThirdParty/FreeRTOS/tasks.o
                0x0000000008002450                xTaskResumeAll
 .text.xTaskIncrementTick
                0x0000000008002648      0x22c ./ThirdParty/FreeRTOS/tasks.o
                0x0000000008002648                xTaskIncrementTick
 .text.vTaskSwitchContext
                0x0000000008002874       0xb8 ./ThirdParty/FreeRTOS/tasks.o
                0x0000000008002874                vTaskSwitchContext
 .text.prvInitialiseTaskLists
                0x000000000800292c       0x80 ./ThirdParty/FreeRTOS/tasks.o
 .text.prvResetNextTaskUnblockTime
                0x00000000080029ac       0x38 ./ThirdParty/FreeRTOS/tasks.o
 .text.pxPortInitialiseStack
                0x00000000080029e4       0x68 ./ThirdParty/FreeRTOS/portable/GCC/ARM_CM4F/port.o
                0x00000000080029e4                pxPortInitialiseStack
 .text.prvTaskExitError
                0x0000000008002a4c       0x58 ./ThirdParty/FreeRTOS/portable/GCC/ARM_CM4F/port.o
 *fill*         0x0000000008002aa4        0xc 
 .text.SVC_Handler
                0x0000000008002ab0       0x28 ./ThirdParty/FreeRTOS/portable/GCC/ARM_CM4F/port.o
                0x0000000008002ab0                SVC_Handler
 .text.vPortEnterCritical
                0x0000000008002ad8       0x60 ./ThirdParty/FreeRTOS/portable/GCC/ARM_CM4F/port.o
                0x0000000008002ad8                vPortEnterCritical
 .text.vPortExitCritical
                0x0000000008002b38       0x54 ./ThirdParty/FreeRTOS/portable/GCC/ARM_CM4F/port.o
                0x0000000008002b38                vPortExitCritical
 *fill*         0x0000000008002b8c        0x4 
 .text.PendSV_Handler
                0x0000000008002b90       0x68 ./ThirdParty/FreeRTOS/portable/GCC/ARM_CM4F/port.o
                0x0000000008002b90                PendSV_Handler
 .text.SysTick_Handler
                0x0000000008002bf8       0x44 ./ThirdParty/FreeRTOS/portable/GCC/ARM_CM4F/port.o
                0x0000000008002bf8                SysTick_Handler
 .text.pvPortMalloc
                0x0000000008002c3c      0x1c0 ./ThirdParty/FreeRTOS/portable/MemMang/heap_4.o
                0x0000000008002c3c                pvPortMalloc
 .text.vPortFree
                0x0000000008002dfc       0xc4 ./ThirdParty/FreeRTOS/portable/MemMang/heap_4.o
                0x0000000008002dfc                vPortFree
 .text.prvHeapInit
                0x0000000008002ec0       0xc4 ./ThirdParty/FreeRTOS/portable/MemMang/heap_4.o
 .text.prvInsertBlockIntoFreeList
                0x0000000008002f84       0xb4 ./ThirdParty/FreeRTOS/portable/MemMang/heap_4.o
 .text.__libc_init_array
                0x0000000008003038       0x48 d:/st/stm32cubeide_1.10.1/stm32cubeide/plugins/com.st.stm32cube.ide.mcu.externaltools.gnu-tools-for-stm32.10.3-2021.10.win32_1.0.0.202111181127/tools/bin/../lib/gcc/arm-none-eabi/10.3.1/../../../../arm-none-eabi/lib/thumb/v7e-m+fp/hard\libc_nano.a(lib_a-init.o)
                0x0000000008003038                __libc_init_array
 .text.memset   0x0000000008003080       0x10 d:/st/stm32cubeide_1.10.1/stm32cubeide/plugins/com.st.stm32cube.ide.mcu.externaltools.gnu-tools-for-stm32.10.3-2021.10.win32_1.0.0.202111181127/tools/bin/../lib/gcc/arm-none-eabi/10.3.1/../../../../arm-none-eabi/lib/thumb/v7e-m+fp/hard\libc_nano.a(lib_a-memset.o)
                0x0000000008003080                memset
 *(.glue_7)
 .glue_7        0x0000000008003090        0x0 linker stubs
 *(.glue_7t)
 .glue_7t       0x0000000008003090        0x0 linker stubs
 *(.eh_frame)
 .eh_frame      0x0000000008003090        0x0 d:/st/stm32cubeide_1.10.1/stm32cubeide/plugins/com.st.stm32cube.ide.mcu.externaltools.gnu-tools-for-stm32.10.3-2021.10.win32_1.0.0.202111181127/tools/bin/../lib/gcc/arm-none-eabi/10.3.1/thumb/v7e-m+fp/hard/crtbegin.o
 *(.init)
 .init          0x0000000008003090        0x4 d:/st/stm32cubeide_1.10.1/stm32cubeide/plugins/com.st.stm32cube.ide.mcu.externaltools.gnu-tools-for-stm32.10.3-2021.10.win32_1.0.0.202111181127/tools/bin/../lib/gcc/arm-none-eabi/10.3.1/thumb/v7e-m+fp/hard/crti.o
                0x0000000008003090                _init
 .init          0x0000000008003094        0x8 d:/st/stm32cubeide_1.10.1/stm32cubeide/plugins/com.st.stm32cube.ide.mcu.externaltools.gnu-tools-for-stm32.10.3-2021.10.win32_1.0.0.202111181127/tools/bin/../lib/gcc/arm-none-eabi/10.3.1/thumb/v7e-m+fp/hard/crtn.o
 *(.fini)
 .fini          0x000000000800309c        0x4 d:/st/stm32cubeide_1.10.1/stm32cubeide/plugins/com.st.stm32cube.ide.mcu.externaltools.gnu-tools-for-stm32.10.3-2021.10.win32_1.0.0.202111181127/tools/bin/../lib/gcc/arm-none-eabi/10.3.1/thumb/v7e-m+fp/hard/crti.o
                0x000000000800309c                _fini
 .fini          0x00000000080030a0        0x8 d:/st/stm32cubeide_1.10.1/stm32cubeide/plugins/com.st.stm32cube.ide.mcu.externaltools.gnu-tools-for-stm32.10.3-2021.10.win32_1.0.0.202111181127/tools/bin/../lib/gcc/arm-none-eabi/10.3.1/thumb/v7e-m+fp/hard/crtn.o
                0x00000000080030a8                . = ALIGN (0x4)
                0x00000000080030a8                _etext = .

.vfp11_veneer   0x00000000080030a8        0x0
 .vfp11_veneer  0x00000000080030a8        0x0 linker stubs

.v4_bx          0x00000000080030a8        0x0
 .v4_bx         0x00000000080030a8        0x0 linker stubs

.iplt           0x00000000080030a8        0x0
 .iplt          0x00000000080030a8        0x0 d:/st/stm32cubeide_1.10.1/stm32cubeide/plugins/com.st.stm32cube.ide.mcu.externaltools.gnu-tools-for-stm32.10.3-2021.10.win32_1.0.0.202111181127/tools/bin/../lib/gcc/arm-none-eabi/10.3.1/thumb/v7e-m+fp/hard/crtbegin.o

.rodata         0x00000000080030a8       0x58
                0x00000000080030a8                . = ALIGN (0x4)
 *(.rodata)
 .rodata        0x00000000080030a8       0x3f ./Core/Src/main.o
 *(.rodata*)
 *fill*         0x00000000080030e7        0x1 
 .rodata.AHBPrescTable
                0x00000000080030e8       0x10 ./Core/Src/system_stm32f4xx.o
                0x00000000080030e8                AHBPrescTable
 .rodata.APBPrescTable
                0x00000000080030f8        0x8 ./Core/Src/system_stm32f4xx.o
                0x00000000080030f8                APBPrescTable
                0x0000000008003100                . = ALIGN (0x4)

.ARM.extab      0x0000000008003100        0x0
                0x0000000008003100                . = ALIGN (0x4)
 *(.ARM.extab* .gnu.linkonce.armextab.*)
                0x0000000008003100                . = ALIGN (0x4)

.ARM            0x0000000008003100        0x8
                0x0000000008003100                . = ALIGN (0x4)
                0x0000000008003100                __exidx_start = .
 *(.ARM.exidx*)
 .ARM.exidx     0x0000000008003100        0x8 d:/st/stm32cubeide_1.10.1/stm32cubeide/plugins/com.st.stm32cube.ide.mcu.externaltools.gnu-tools-for-stm32.10.3-2021.10.win32_1.0.0.202111181127/tools/bin/../lib/gcc/arm-none-eabi/10.3.1/thumb/v7e-m+fp/hard\libgcc.a(_udivmoddi4.o)
                0x0000000008003108                __exidx_end = .
                0x0000000008003108                . = ALIGN (0x4)

.rel.dyn        0x0000000008003108        0x0
 .rel.iplt      0x0000000008003108        0x0 d:/st/stm32cubeide_1.10.1/stm32cubeide/plugins/com.st.stm32cube.ide.mcu.externaltools.gnu-tools-for-stm32.10.3-2021.10.win32_1.0.0.202111181127/tools/bin/../lib/gcc/arm-none-eabi/10.3.1/thumb/v7e-m+fp/hard/crtbegin.o

.preinit_array  0x0000000008003108        0x0
                0x0000000008003108                . = ALIGN (0x4)
                0x0000000008003108                PROVIDE (__preinit_array_start = .)
 *(.preinit_array*)
                0x0000000008003108                PROVIDE (__preinit_array_end = .)
                0x0000000008003108                . = ALIGN (0x4)

.init_array     0x0000000008003108        0x4
                0x0000000008003108                . = ALIGN (0x4)
                0x0000000008003108                PROVIDE (__init_array_start = .)
 *(SORT_BY_NAME(.init_array.*))
 *(.init_array*)
 .init_array    0x0000000008003108        0x4 d:/st/stm32cubeide_1.10.1/stm32cubeide/plugins/com.st.stm32cube.ide.mcu.externaltools.gnu-tools-for-stm32.10.3-2021.10.win32_1.0.0.202111181127/tools/bin/../lib/gcc/arm-none-eabi/10.3.1/thumb/v7e-m+fp/hard/crtbegin.o
                0x000000000800310c                PROVIDE (__init_array_end = .)
                0x000000000800310c                . = ALIGN (0x4)

.fini_array     0x000000000800310c        0x4
                0x000000000800310c                . = ALIGN (0x4)
                [!provide]                        PROVIDE (__fini_array_start = .)
 *(SORT_BY_NAME(.fini_array.*))
 *(.fini_array*)
 .fini_array    0x000000000800310c        0x4 d:/st/stm32cubeide_1.10.1/stm32cubeide/plugins/com.st.stm32cube.ide.mcu.externaltools.gnu-tools-for-stm32.10.3-2021.10.win32_1.0.0.202111181127/tools/bin/../lib/gcc/arm-none-eabi/10.3.1/thumb/v7e-m+fp/hard/crtbegin.o
                [!provide]                        PROVIDE (__fini_array_end = .)
                0x0000000008003110                . = ALIGN (0x4)
                0x0000000008003110                _sidata = LOADADDR (.data)

.data           0x0000000020000000       0x10 load address 0x0000000008003110
                0x0000000020000000                . = ALIGN (0x4)
                0x0000000020000000                _sdata = .
 *(.data)
 *(.data*)
 .data.SystemCoreClock
                0x0000000020000000        0x4 ./Core/Src/system_stm32f4xx.o
                0x0000000020000000                SystemCoreClock
 .data.uwTickPrio
                0x0000000020000004        0x4 ./Drivers/STM32F4xx_HAL_Driver/Src/stm32f4xx_hal.o
                0x0000000020000004                uwTickPrio
 .data.uwTickFreq
                0x0000000020000008        0x1 ./Drivers/STM32F4xx_HAL_Driver/Src/stm32f4xx_hal.o
                0x0000000020000008                uwTickFreq
 *fill*         0x0000000020000009        0x3 
 .data.uxCriticalNesting
                0x000000002000000c        0x4 ./ThirdParty/FreeRTOS/portable/GCC/ARM_CM4F/port.o
 *(.RamFunc)
 *(.RamFunc*)
                0x0000000020000010                . = ALIGN (0x4)
                0x0000000020000010                _edata = .

.igot.plt       0x0000000020000010        0x0 load address 0x0000000008003120
 .igot.plt      0x0000000020000010        0x0 d:/st/stm32cubeide_1.10.1/stm32cubeide/plugins/com.st.stm32cube.ide.mcu.externaltools.gnu-tools-for-stm32.10.3-2021.10.win32_1.0.0.202111181127/tools/bin/../lib/gcc/arm-none-eabi/10.3.1/thumb/v7e-m+fp/hard/crtbegin.o
                0x0000000020000010                . = ALIGN (0x4)

.bss            0x0000000020000010    0x12d84 load address 0x0000000008003120
                0x0000000020000010                _sbss = .
                0x0000000020000010                __bss_start__ = _sbss
 *(.bss)
 .bss           0x0000000020000010       0x1c d:/st/stm32cubeide_1.10.1/stm32cubeide/plugins/com.st.stm32cube.ide.mcu.externaltools.gnu-tools-for-stm32.10.3-2021.10.win32_1.0.0.202111181127/tools/bin/../lib/gcc/arm-none-eabi/10.3.1/thumb/v7e-m+fp/hard/crtbegin.o
 *(.bss*)
 .bss.htim6     0x000000002000002c       0x48 ./Core/Src/stm32f4xx_hal_timebase_tim.o
                0x000000002000002c                htim6
 .bss.uwTick    0x0000000020000074        0x4 ./Drivers/STM32F4xx_HAL_Driver/Src/stm32f4xx_hal.o
                0x0000000020000074                uwTick
 .bss.pxCurrentTCB
                0x0000000020000078        0x4 ./ThirdParty/FreeRTOS/tasks.o
                0x0000000020000078                pxCurrentTCB
 .bss.pxReadyTasksLists
                0x000000002000007c       0x64 ./ThirdParty/FreeRTOS/tasks.o
 .bss.xDelayedTaskList1
                0x00000000200000e0       0x14 ./ThirdParty/FreeRTOS/tasks.o
 .bss.xDelayedTaskList2
                0x00000000200000f4       0x14 ./ThirdParty/FreeRTOS/tasks.o
 .bss.pxDelayedTaskList
                0x0000000020000108        0x4 ./ThirdParty/FreeRTOS/tasks.o
 .bss.pxOverflowDelayedTaskList
                0x000000002000010c        0x4 ./ThirdParty/FreeRTOS/tasks.o
 .bss.xPendingReadyList
                0x0000000020000110       0x14 ./ThirdParty/FreeRTOS/tasks.o
 .bss.xTasksWaitingTermination
                0x0000000020000124       0x14 ./ThirdParty/FreeRTOS/tasks.o
 .bss.xSuspendedTaskList
                0x0000000020000138       0x14 ./ThirdParty/FreeRTOS/tasks.o
 .bss.uxCurrentNumberOfTasks
                0x000000002000014c        0x4 ./ThirdParty/FreeRTOS/tasks.o
 .bss.xTickCount
                0x0000000020000150        0x4 ./ThirdParty/FreeRTOS/tasks.o
 .bss.uxTopReadyPriority
                0x0000000020000154        0x4 ./ThirdParty/FreeRTOS/tasks.o
 .bss.xSchedulerRunning
                0x0000000020000158        0x4 ./ThirdParty/FreeRTOS/tasks.o
 .bss.xPendedTicks
                0x000000002000015c        0x4 ./ThirdParty/FreeRTOS/tasks.o
 .bss.xYieldPending
                0x0000000020000160        0x4 ./ThirdParty/FreeRTOS/tasks.o
 .bss.xNumOfOverflows
                0x0000000020000164        0x4 ./ThirdParty/FreeRTOS/tasks.o
 .bss.uxTaskNumber
                0x0000000020000168        0x4 ./ThirdParty/FreeRTOS/tasks.o
 .bss.xNextTaskUnblockTime
                0x000000002000016c        0x4 ./ThirdParty/FreeRTOS/tasks.o
 .bss.uxSchedulerSuspended
                0x0000000020000170        0x4 ./ThirdParty/FreeRTOS/tasks.o
 .bss.ucHeap    0x0000000020000174    0x12c00 ./ThirdParty/FreeRTOS/portable/MemMang/heap_4.o
 .bss.xStart    0x0000000020012d74        0x8 ./ThirdParty/FreeRTOS/portable/MemMang/heap_4.o
 .bss.pxEnd     0x0000000020012d7c        0x4 ./ThirdParty/FreeRTOS/portable/MemMang/heap_4.o
 .bss.xFreeBytesRemaining
                0x0000000020012d80        0x4 ./ThirdParty/FreeRTOS/portable/MemMang/heap_4.o
 .bss.xMinimumEverFreeBytesRemaining
                0x0000000020012d84        0x4 ./ThirdParty/FreeRTOS/portable/MemMang/heap_4.o
 .bss.xNumberOfSuccessfulAllocations
                0x0000000020012d88        0x4 ./ThirdParty/FreeRTOS/portable/MemMang/heap_4.o
 .bss.xNumberOfSuccessfulFrees
                0x0000000020012d8c        0x4 ./ThirdParty/FreeRTOS/portable/MemMang/heap_4.o
 .bss.xBlockAllocatedBit
                0x0000000020012d90        0x4 ./ThirdParty/FreeRTOS/portable/MemMang/heap_4.o
 *(COMMON)
                0x0000000020012d94                . = ALIGN (0x4)
                0x0000000020012d94                _ebss = .
                0x0000000020012d94                __bss_end__ = _ebss

._user_heap_stack
                0x0000000020012d94      0x604 load address 0x0000000008003120
                0x0000000020012d98                . = ALIGN (0x8)
 *fill*         0x0000000020012d94        0x4 
                [!provide]                        PROVIDE (end = .)
                [!provide]                        PROVIDE (_end = .)
                0x0000000020012f98                . = (. + _Min_Heap_Size)
 *fill*         0x0000000020012d98      0x200 
                0x0000000020013398                . = (. + _Min_Stack_Size)
 *fill*         0x0000000020012f98      0x400 
                0x0000000020013398                . = ALIGN (0x8)

/DISCARD/
 libc.a(*)
 libm.a(*)
 libgcc.a(*)

.ARM.attributes
                0x0000000000000000       0x30
 *(.ARM.attributes)
 .ARM.attributes
                0x0000000000000000       0x1e d:/st/stm32cubeide_1.10.1/stm32cubeide/plugins/com.st.stm32cube.ide.mcu.externaltools.gnu-tools-for-stm32.10.3-2021.10.win32_1.0.0.202111181127/tools/bin/../lib/gcc/arm-none-eabi/10.3.1/thumb/v7e-m+fp/hard/crti.o
 .ARM.attributes
                0x000000000000001e       0x34 d:/st/stm32cubeide_1.10.1/stm32cubeide/plugins/com.st.stm32cube.ide.mcu.externaltools.gnu-tools-for-stm32.10.3-2021.10.win32_1.0.0.202111181127/tools/bin/../lib/gcc/arm-none-eabi/10.3.1/thumb/v7e-m+fp/hard/crtbegin.o
 .ARM.attributes
                0x0000000000000052       0x34 ./Core/Src/main.o
 .ARM.attributes
                0x0000000000000086       0x34 ./Core/Src/stm32f4xx_hal_msp.o
 .ARM.attributes
                0x00000000000000ba       0x34 ./Core/Src/stm32f4xx_hal_timebase_tim.o
 .ARM.attributes
                0x00000000000000ee       0x34 ./Core/Src/stm32f4xx_it.o
 .ARM.attributes
                0x0000000000000122       0x34 ./Core/Src/system_stm32f4xx.o
 .ARM.attributes
                0x0000000000000156       0x21 ./Core/Startup/startup_stm32f446retx.o
 .ARM.attributes
                0x0000000000000177       0x34 ./Drivers/STM32F4xx_HAL_Driver/Src/stm32f4xx_hal.o
 .ARM.attributes
                0x00000000000001ab       0x34 ./Drivers/STM32F4xx_HAL_Driver/Src/stm32f4xx_hal_cortex.o
 .ARM.attributes
                0x00000000000001df       0x34 ./Drivers/STM32F4xx_HAL_Driver/Src/stm32f4xx_hal_gpio.o
 .ARM.attributes
                0x0000000000000213       0x34 ./Drivers/STM32F4xx_HAL_Driver/Src/stm32f4xx_hal_rcc.o
 .ARM.attributes
                0x0000000000000247       0x34 ./Drivers/STM32F4xx_HAL_Driver/Src/stm32f4xx_hal_rcc_ex.o
 .ARM.attributes
                0x000000000000027b       0x34 ./Drivers/STM32F4xx_HAL_Driver/Src/stm32f4xx_hal_tim.o
 .ARM.attributes
                0x00000000000002af       0x34 ./Drivers/STM32F4xx_HAL_Driver/Src/stm32f4xx_hal_tim_ex.o
 .ARM.attributes
                0x00000000000002e3       0x34 ./ThirdParty/FreeRTOS/list.o
 .ARM.attributes
                0x0000000000000317       0x34 ./ThirdParty/FreeRTOS/tasks.o
 .ARM.attributes
                0x000000000000034b       0x34 ./ThirdParty/FreeRTOS/portable/GCC/ARM_CM4F/port.o
 .ARM.attributes
                0x000000000000037f       0x34 ./ThirdParty/FreeRTOS/portable/MemMang/heap_4.o
 .ARM.attributes
                0x00000000000003b3       0x34 d:/st/stm32cubeide_1.10.1/stm32cubeide/plugins/com.st.stm32cube.ide.mcu.externaltools.gnu-tools-for-stm32.10.3-2021.10.win32_1.0.0.202111181127/tools/bin/../lib/gcc/arm-none-eabi/10.3.1/../../../../arm-none-eabi/lib/thumb/v7e-m+fp/hard\libc_nano.a(lib_a-init.o)
 .ARM.attributes
                0x00000000000003e7       0x34 d:/st/stm32cubeide_1.10.1/stm32cubeide/plugins/com.st.stm32cube.ide.mcu.externaltools.gnu-tools-for-stm32.10.3-2021.10.win32_1.0.0.202111181127/tools/bin/../lib/gcc/arm-none-eabi/10.3.1/../../../../arm-none-eabi/lib/thumb/v7e-m+fp/hard\libc_nano.a(lib_a-memset.o)
 .ARM.attributes
                0x000000000000041b       0x1e d:/st/stm32cubeide_1.10.1/stm32cubeide/plugins/com.st.stm32cube.ide.mcu.externaltools.gnu-tools-for-stm32.10.3-2021.10.win32_1.0.0.202111181127/tools/bin/../lib/gcc/arm-none-eabi/10.3.1/thumb/v7e-m+fp/hard\libgcc.a(_aeabi_uldivmod.o)
 .ARM.attributes
                0x0000000000000439       0x34 d:/st/stm32cubeide_1.10.1/stm32cubeide/plugins/com.st.stm32cube.ide.mcu.externaltools.gnu-tools-for-stm32.10.3-2021.10.win32_1.0.0.202111181127/tools/bin/../lib/gcc/arm-none-eabi/10.3.1/thumb/v7e-m+fp/hard\libgcc.a(_udivmoddi4.o)
 .ARM.attributes
                0x000000000000046d       0x1e d:/st/stm32cubeide_1.10.1/stm32cubeide/plugins/com.st.stm32cube.ide.mcu.externaltools.gnu-tools-for-stm32.10.3-2021.10.win32_1.0.0.202111181127/tools/bin/../lib/gcc/arm-none-eabi/10.3.1/thumb/v7e-m+fp/hard\libgcc.a(_dvmd_tls.o)
 .ARM.attributes
                0x000000000000048b       0x1e d:/st/stm32cubeide_1.10.1/stm32cubeide/plugins/com.st.stm32cube.ide.mcu.externaltools.gnu-tools-for-stm32.10.3-2021.10.win32_1.0.0.202111181127/tools/bin/../lib/gcc/arm-none-eabi/10.3.1/thumb/v7e-m+fp/hard/crtn.o
OUTPUT(001Tasks.elf elf32-littlearm)
LOAD linker stubs
LOAD d:/st/stm32cubeide_1.10.1/stm32cubeide/plugins/com.st.stm32cube.ide.mcu.externaltools.gnu-tools-for-stm32.10.3-2021.10.win32_1.0.0.202111181127/tools/bin/../lib/gcc/arm-none-eabi/10.3.1/../../../../arm-none-eabi/lib/thumb/v7e-m+fp/hard\libc.a
LOAD d:/st/stm32cubeide_1.10.1/stm32cubeide/plugins/com.st.stm32cube.ide.mcu.externaltools.gnu-tools-for-stm32.10.3-2021.10.win32_1.0.0.202111181127/tools/bin/../lib/gcc/arm-none-eabi/10.3.1/../../../../arm-none-eabi/lib/thumb/v7e-m+fp/hard\libm.a
LOAD d:/st/stm32cubeide_1.10.1/stm32cubeide/plugins/com.st.stm32cube.ide.mcu.externaltools.gnu-tools-for-stm32.10.3-2021.10.win32_1.0.0.202111181127/tools/bin/../lib/gcc/arm-none-eabi/10.3.1/thumb/v7e-m+fp/hard\libgcc.a

.debug_info     0x0000000000000000     0xd1cf
 .debug_info    0x0000000000000000      0xece ./Core/Src/main.o
 .debug_info    0x0000000000000ece      0x2e0 ./Core/Src/stm32f4xx_hal_msp.o
 .debug_info    0x00000000000011ae      0xca1 ./Core/Src/stm32f4xx_hal_timebase_tim.o
 .debug_info    0x0000000000001e4f      0x6f8 ./Core/Src/stm32f4xx_it.o
 .debug_info    0x0000000000002547      0x55b ./Core/Src/system_stm32f4xx.o
 .debug_info    0x0000000000002aa2       0x22 ./Core/Startup/startup_stm32f446retx.o
 .debug_info    0x0000000000002ac4      0x9d2 ./Drivers/STM32F4xx_HAL_Driver/Src/stm32f4xx_hal.o
 .debug_info    0x0000000000003496      0xe39 ./Drivers/STM32F4xx_HAL_Driver/Src/stm32f4xx_hal_cortex.o
 .debug_info    0x00000000000042cf      0x7be ./Drivers/STM32F4xx_HAL_Driver/Src/stm32f4xx_hal_gpio.o
 .debug_info    0x0000000000004a8d      0x9ab ./Drivers/STM32F4xx_HAL_Driver/Src/stm32f4xx_hal_rcc.o
 .debug_info    0x0000000000005438      0x9ec ./Drivers/STM32F4xx_HAL_Driver/Src/stm32f4xx_hal_rcc_ex.o
 .debug_info    0x0000000000005e24     0x2bbe ./Drivers/STM32F4xx_HAL_Driver/Src/stm32f4xx_hal_tim.o
 .debug_info    0x00000000000089e2     0x15e0 ./Drivers/STM32F4xx_HAL_Driver/Src/stm32f4xx_hal_tim_ex.o
 .debug_info    0x0000000000009fc2      0x2d1 ./ThirdParty/FreeRTOS/list.o
 .debug_info    0x000000000000a293     0x2528 ./ThirdParty/FreeRTOS/tasks.o
 .debug_info    0x000000000000c7bb      0x507 ./ThirdParty/FreeRTOS/portable/GCC/ARM_CM4F/port.o
 .debug_info    0x000000000000ccc2      0x50d ./ThirdParty/FreeRTOS/portable/MemMang/heap_4.o

.debug_abbrev   0x0000000000000000     0x2110
 .debug_abbrev  0x0000000000000000      0x2bb ./Core/Src/main.o
 .debug_abbrev  0x00000000000002bb       0xd4 ./Core/Src/stm32f4xx_hal_msp.o
 .debug_abbrev  0x000000000000038f      0x1e6 ./Core/Src/stm32f4xx_hal_timebase_tim.o
 .debug_abbrev  0x0000000000000575      0x171 ./Core/Src/stm32f4xx_it.o
 .debug_abbrev  0x00000000000006e6      0x116 ./Core/Src/system_stm32f4xx.o
 .debug_abbrev  0x00000000000007fc       0x12 ./Core/Startup/startup_stm32f446retx.o
 .debug_abbrev  0x000000000000080e      0x20d ./Drivers/STM32F4xx_HAL_Driver/Src/stm32f4xx_hal.o
 .debug_abbrev  0x0000000000000a1b      0x316 ./Drivers/STM32F4xx_HAL_Driver/Src/stm32f4xx_hal_cortex.o
 .debug_abbrev  0x0000000000000d31      0x1c4 ./Drivers/STM32F4xx_HAL_Driver/Src/stm32f4xx_hal_gpio.o
 .debug_abbrev  0x0000000000000ef5      0x2aa ./Drivers/STM32F4xx_HAL_Driver/Src/stm32f4xx_hal_rcc.o
 .debug_abbrev  0x000000000000119f      0x1fb ./Drivers/STM32F4xx_HAL_Driver/Src/stm32f4xx_hal_rcc_ex.o
 .debug_abbrev  0x000000000000139a      0x25d ./Drivers/STM32F4xx_HAL_Driver/Src/stm32f4xx_hal_tim.o
 .debug_abbrev  0x00000000000015f7      0x265 ./Drivers/STM32F4xx_HAL_Driver/Src/stm32f4xx_hal_tim_ex.o
 .debug_abbrev  0x000000000000185c       0xf2 ./ThirdParty/FreeRTOS/list.o
 .debug_abbrev  0x000000000000194e      0x357 ./ThirdParty/FreeRTOS/tasks.o
 .debug_abbrev  0x0000000000001ca5      0x259 ./ThirdParty/FreeRTOS/portable/GCC/ARM_CM4F/port.o
 .debug_abbrev  0x0000000000001efe      0x212 ./ThirdParty/FreeRTOS/portable/MemMang/heap_4.o

.debug_aranges  0x0000000000000000      0xce0
 .debug_aranges
                0x0000000000000000       0x50 ./Core/Src/main.o
 .debug_aranges
                0x0000000000000050       0x20 ./Core/Src/stm32f4xx_hal_msp.o
 .debug_aranges
                0x0000000000000070       0x30 ./Core/Src/stm32f4xx_hal_timebase_tim.o
 .debug_aranges
                0x00000000000000a0       0x50 ./Core/Src/stm32f4xx_it.o
 .debug_aranges
                0x00000000000000f0       0x28 ./Core/Src/system_stm32f4xx.o
 .debug_aranges
                0x0000000000000118       0x28 ./Core/Startup/startup_stm32f446retx.o
 .debug_aranges
                0x0000000000000140       0xf0 ./Drivers/STM32F4xx_HAL_Driver/Src/stm32f4xx_hal.o
 .debug_aranges
                0x0000000000000230      0x118 ./Drivers/STM32F4xx_HAL_Driver/Src/stm32f4xx_hal_cortex.o
 .debug_aranges
                0x0000000000000348       0x58 ./Drivers/STM32F4xx_HAL_Driver/Src/stm32f4xx_hal_gpio.o
 .debug_aranges
                0x00000000000003a0       0x88 ./Drivers/STM32F4xx_HAL_Driver/Src/stm32f4xx_hal_rcc.o
 .debug_aranges
                0x0000000000000428       0x78 ./Drivers/STM32F4xx_HAL_Driver/Src/stm32f4xx_hal_rcc_ex.o
 .debug_aranges
                0x00000000000004a0      0x3d0 ./Drivers/STM32F4xx_HAL_Driver/Src/stm32f4xx_hal_tim.o
 .debug_aranges
                0x0000000000000870      0x168 ./Drivers/STM32F4xx_HAL_Driver/Src/stm32f4xx_hal_tim_ex.o
 .debug_aranges
                0x00000000000009d8       0x40 ./ThirdParty/FreeRTOS/list.o
 .debug_aranges
                0x0000000000000a18      0x1f0 ./ThirdParty/FreeRTOS/tasks.o
 .debug_aranges
                0x0000000000000c08       0x80 ./ThirdParty/FreeRTOS/portable/GCC/ARM_CM4F/port.o
 .debug_aranges
                0x0000000000000c88       0x58 ./ThirdParty/FreeRTOS/portable/MemMang/heap_4.o

.debug_ranges   0x0000000000000000      0xbd8
 .debug_ranges  0x0000000000000000       0x40 ./Core/Src/main.o
 .debug_ranges  0x0000000000000040       0x10 ./Core/Src/stm32f4xx_hal_msp.o
 .debug_ranges  0x0000000000000050       0x20 ./Core/Src/stm32f4xx_hal_timebase_tim.o
 .debug_ranges  0x0000000000000070       0x40 ./Core/Src/stm32f4xx_it.o
 .debug_ranges  0x00000000000000b0       0x18 ./Core/Src/system_stm32f4xx.o
 .debug_ranges  0x00000000000000c8       0x20 ./Core/Startup/startup_stm32f446retx.o
 .debug_ranges  0x00000000000000e8       0xe0 ./Drivers/STM32F4xx_HAL_Driver/Src/stm32f4xx_hal.o
 .debug_ranges  0x00000000000001c8      0x108 ./Drivers/STM32F4xx_HAL_Driver/Src/stm32f4xx_hal_cortex.o
 .debug_ranges  0x00000000000002d0       0x48 ./Drivers/STM32F4xx_HAL_Driver/Src/stm32f4xx_hal_gpio.o
 .debug_ranges  0x0000000000000318       0x78 ./Drivers/STM32F4xx_HAL_Driver/Src/stm32f4xx_hal_rcc.o
 .debug_ranges  0x0000000000000390       0x68 ./Drivers/STM32F4xx_HAL_Driver/Src/stm32f4xx_hal_rcc_ex.o
 .debug_ranges  0x00000000000003f8      0x3c0 ./Drivers/STM32F4xx_HAL_Driver/Src/stm32f4xx_hal_tim.o
 .debug_ranges  0x00000000000007b8      0x158 ./Drivers/STM32F4xx_HAL_Driver/Src/stm32f4xx_hal_tim_ex.o
 .debug_ranges  0x0000000000000910       0x30 ./ThirdParty/FreeRTOS/list.o
 .debug_ranges  0x0000000000000940      0x1e0 ./ThirdParty/FreeRTOS/tasks.o
 .debug_ranges  0x0000000000000b20       0x70 ./ThirdParty/FreeRTOS/portable/GCC/ARM_CM4F/port.o
 .debug_ranges  0x0000000000000b90       0x48 ./ThirdParty/FreeRTOS/portable/MemMang/heap_4.o

.debug_macro    0x0000000000000000    0x21e30
 .debug_macro   0x0000000000000000      0x240 ./Core/Src/main.o
 .debug_macro   0x0000000000000240      0xa78 ./Core/Src/main.o
 .debug_macro   0x0000000000000cb8      0x295 ./Core/Src/main.o
 .debug_macro   0x0000000000000f4d       0x2e ./Core/Src/main.o
 .debug_macro   0x0000000000000f7b       0x28 ./Core/Src/main.o
 .debug_macro   0x0000000000000fa3       0x22 ./Core/Src/main.o
 .debug_macro   0x0000000000000fc5       0x8e ./Core/Src/main.o
 .debug_macro   0x0000000000001053       0x51 ./Core/Src/main.o
 .debug_macro   0x00000000000010a4      0x103 ./Core/Src/main.o
 .debug_macro   0x00000000000011a7       0x6a ./Core/Src/main.o
 .debug_macro   0x0000000000001211      0x1df ./Core/Src/main.o
 .debug_macro   0x00000000000013f0       0x1c ./Core/Src/main.o
 .debug_macro   0x000000000000140c       0x22 ./Core/Src/main.o
 .debug_macro   0x000000000000142e       0xd9 ./Core/Src/main.o
 .debug_macro   0x0000000000001507     0x102d ./Core/Src/main.o
 .debug_macro   0x0000000000002534      0x11f ./Core/Src/main.o
 .debug_macro   0x0000000000002653    0x16749 ./Core/Src/main.o
 .debug_macro   0x0000000000018d9c       0x6d ./Core/Src/main.o
 .debug_macro   0x0000000000018e09     0x367e ./Core/Src/main.o
 .debug_macro   0x000000000001c487      0x174 ./Core/Src/main.o
 .debug_macro   0x000000000001c5fb       0x5c ./Core/Src/main.o
 .debug_macro   0x000000000001c657      0xc90 ./Core/Src/main.o
 .debug_macro   0x000000000001d2e7      0x9fe ./Core/Src/main.o
 .debug_macro   0x000000000001dce5      0x115 ./Core/Src/main.o
 .debug_macro   0x000000000001ddfa      0x1a0 ./Core/Src/main.o
 .debug_macro   0x000000000001df9a       0xa5 ./Core/Src/main.o
 .debug_macro   0x000000000001e03f      0x16d ./Core/Src/main.o
 .debug_macro   0x000000000001e1ac      0x287 ./Core/Src/main.o
 .debug_macro   0x000000000001e433       0x5f ./Core/Src/main.o
 .debug_macro   0x000000000001e492      0x236 ./Core/Src/main.o
 .debug_macro   0x000000000001e6c8      0x132 ./Core/Src/main.o
 .debug_macro   0x000000000001e7fa      0x29c ./Core/Src/main.o
 .debug_macro   0x000000000001ea96       0x2e ./Core/Src/main.o
 .debug_macro   0x000000000001eac4      0x11a ./Core/Src/main.o
 .debug_macro   0x000000000001ebde       0xe8 ./Core/Src/main.o
 .debug_macro   0x000000000001ecc6       0x89 ./Core/Src/main.o
 .debug_macro   0x000000000001ed4f      0x8e6 ./Core/Src/main.o
 .debug_macro   0x000000000001f635       0x4d ./Core/Src/main.o
 .debug_macro   0x000000000001f682      0x126 ./Core/Src/main.o
 .debug_macro   0x000000000001f7a8       0x58 ./Core/Src/main.o
 .debug_macro   0x000000000001f800      0x112 ./Core/Src/main.o
 .debug_macro   0x000000000001f912      0x15a ./Core/Src/main.o
 .debug_macro   0x000000000001fa6c       0xea ./Core/Src/main.o
 .debug_macro   0x000000000001fb56       0x28 ./Core/Src/main.o
 .debug_macro   0x000000000001fb7e       0x1f ./Core/Src/main.o
 .debug_macro   0x000000000001fb9d       0x12 ./Core/Src/main.o
 .debug_macro   0x000000000001fbaf      0x504 ./Core/Src/main.o
 .debug_macro   0x00000000000200b3       0xc3 ./Core/Src/main.o
 .debug_macro   0x0000000000020176      0x120 ./Core/Src/main.o
 .debug_macro   0x0000000000020296      0x1d3 ./Core/Src/stm32f4xx_hal_msp.o
 .debug_macro   0x0000000000020469      0x1c4 ./Core/Src/stm32f4xx_hal_timebase_tim.o
 .debug_macro   0x000000000002062d      0x1dd ./Core/Src/stm32f4xx_it.o
 .debug_macro   0x000000000002080a      0x1c4 ./Core/Src/system_stm32f4xx.o
 .debug_macro   0x00000000000209ce      0x224 ./Drivers/STM32F4xx_HAL_Driver/Src/stm32f4xx_hal.o
 .debug_macro   0x0000000000020bf2      0x1c4 ./Drivers/STM32F4xx_HAL_Driver/Src/stm32f4xx_hal_cortex.o
 .debug_macro   0x0000000000020db6      0x1ca ./Drivers/STM32F4xx_HAL_Driver/Src/stm32f4xx_hal_gpio.o
 .debug_macro   0x0000000000020f80      0x1e8 ./Drivers/STM32F4xx_HAL_Driver/Src/stm32f4xx_hal_rcc.o
 .debug_macro   0x0000000000021168      0x1c4 ./Drivers/STM32F4xx_HAL_Driver/Src/stm32f4xx_hal_rcc_ex.o
 .debug_macro   0x000000000002132c      0x1c5 ./Drivers/STM32F4xx_HAL_Driver/Src/stm32f4xx_hal_tim.o
 .debug_macro   0x00000000000214f1      0x1c4 ./Drivers/STM32F4xx_HAL_Driver/Src/stm32f4xx_hal_tim_ex.o
 .debug_macro   0x00000000000216b5      0x198 ./ThirdParty/FreeRTOS/list.o
 .debug_macro   0x000000000002184d      0x27e ./ThirdParty/FreeRTOS/tasks.o
 .debug_macro   0x0000000000021acb       0x17 ./ThirdParty/FreeRTOS/tasks.o
 .debug_macro   0x0000000000021ae2      0x19b ./ThirdParty/FreeRTOS/portable/GCC/ARM_CM4F/port.o
 .debug_macro   0x0000000000021c7d      0x1b3 ./ThirdParty/FreeRTOS/portable/MemMang/heap_4.o

.debug_line     0x0000000000000000     0xed58
 .debug_line    0x0000000000000000      0x933 ./Core/Src/main.o
 .debug_line    0x0000000000000933      0x6a3 ./Core/Src/stm32f4xx_hal_msp.o
 .debug_line    0x0000000000000fd6      0x71d ./Core/Src/stm32f4xx_hal_timebase_tim.o
 .debug_line    0x00000000000016f3      0x740 ./Core/Src/stm32f4xx_it.o
 .debug_line    0x0000000000001e33      0x725 ./Core/Src/system_stm32f4xx.o
 .debug_line    0x0000000000002558       0x88 ./Core/Startup/startup_stm32f446retx.o
 .debug_line    0x00000000000025e0      0x98b ./Drivers/STM32F4xx_HAL_Driver/Src/stm32f4xx_hal.o
 .debug_line    0x0000000000002f6b      0xc3a ./Drivers/STM32F4xx_HAL_Driver/Src/stm32f4xx_hal_cortex.o
 .debug_line    0x0000000000003ba5      0xaeb ./Drivers/STM32F4xx_HAL_Driver/Src/stm32f4xx_hal_gpio.o
 .debug_line    0x0000000000004690      0xd13 ./Drivers/STM32F4xx_HAL_Driver/Src/stm32f4xx_hal_rcc.o
 .debug_line    0x00000000000053a3     0x139e ./Drivers/STM32F4xx_HAL_Driver/Src/stm32f4xx_hal_rcc_ex.o
 .debug_line    0x0000000000006741     0x367f ./Drivers/STM32F4xx_HAL_Driver/Src/stm32f4xx_hal_tim.o
 .debug_line    0x0000000000009dc0     0x1988 ./Drivers/STM32F4xx_HAL_Driver/Src/stm32f4xx_hal_tim_ex.o
 .debug_line    0x000000000000b748      0x736 ./ThirdParty/FreeRTOS/list.o
 .debug_line    0x000000000000be7e     0x1d3d ./ThirdParty/FreeRTOS/tasks.o
 .debug_line    0x000000000000dbbb      0x81c ./ThirdParty/FreeRTOS/portable/GCC/ARM_CM4F/port.o
 .debug_line    0x000000000000e3d7      0x981 ./ThirdParty/FreeRTOS/portable/MemMang/heap_4.o

.debug_str      0x0000000000000000    0xd4b4c
 .debug_str     0x0000000000000000    0xcc855 ./Core/Src/main.o
                                      0xccbcd (size before relaxing)
 .debug_str     0x00000000000cc855       0x2c ./Core/Src/stm32f4xx_hal_msp.o
                                      0xc73d5 (size before relaxing)
 .debug_str     0x00000000000cc881      0x63b ./Core/Src/stm32f4xx_hal_timebase_tim.o
                                      0xc7e97 (size before relaxing)
 .debug_str     0x00000000000ccebc       0xb9 ./Core/Src/stm32f4xx_it.o
                                      0xc7861 (size before relaxing)
 .debug_str     0x00000000000ccf75       0xdb ./Core/Src/system_stm32f4xx.o
                                      0xc735f (size before relaxing)
 .debug_str     0x00000000000cd050       0x36 ./Core/Startup/startup_stm32f446retx.o
                                         0x61 (size before relaxing)
 .debug_str     0x00000000000cd086      0x5d3 ./Drivers/STM32F4xx_HAL_Driver/Src/stm32f4xx_hal.o
                                      0xc7f24 (size before relaxing)
 .debug_str     0x00000000000cd659      0x33a ./Drivers/STM32F4xx_HAL_Driver/Src/stm32f4xx_hal_cortex.o
                                      0xc7c32 (size before relaxing)
 .debug_str     0x00000000000cd993      0x131 ./Drivers/STM32F4xx_HAL_Driver/Src/stm32f4xx_hal_gpio.o
                                      0xc74da (size before relaxing)
 .debug_str     0x00000000000cdac4      0x1fd ./Drivers/STM32F4xx_HAL_Driver/Src/stm32f4xx_hal_rcc.o
                                      0xc7798 (size before relaxing)
 .debug_str     0x00000000000cdcc1      0x324 ./Drivers/STM32F4xx_HAL_Driver/Src/stm32f4xx_hal_rcc_ex.o
                                      0xc77cb (size before relaxing)
 .debug_str     0x00000000000cdfe5      0xe69 ./Drivers/STM32F4xx_HAL_Driver/Src/stm32f4xx_hal_tim.o
                                      0xc86b4 (size before relaxing)
 .debug_str     0x00000000000cee4e      0x503 ./Drivers/STM32F4xx_HAL_Driver/Src/stm32f4xx_hal_tim_ex.o
                                      0xc7ed0 (size before relaxing)
 .debug_str     0x00000000000cf351     0x3008 ./ThirdParty/FreeRTOS/list.o
                                       0xac69 (size before relaxing)
 .debug_str     0x00000000000d2359     0x1d73 ./ThirdParty/FreeRTOS/tasks.o
                                       0xdd1a (size before relaxing)
 .debug_str     0x00000000000d40cc      0x767 ./ThirdParty/FreeRTOS/portable/GCC/ARM_CM4F/port.o
                                       0x9755 (size before relaxing)
 .debug_str     0x00000000000d4833      0x319 ./ThirdParty/FreeRTOS/portable/MemMang/heap_4.o
                                       0xc132 (size before relaxing)

.comment        0x0000000000000000       0x50
 .comment       0x0000000000000000       0x50 ./Core/Src/main.o
                                         0x51 (size before relaxing)
 .comment       0x0000000000000050       0x51 ./Core/Src/stm32f4xx_hal_msp.o
 .comment       0x0000000000000050       0x51 ./Core/Src/stm32f4xx_hal_timebase_tim.o
 .comment       0x0000000000000050       0x51 ./Core/Src/stm32f4xx_it.o
 .comment       0x0000000000000050       0x51 ./Core/Src/system_stm32f4xx.o
 .comment       0x0000000000000050       0x51 ./Drivers/STM32F4xx_HAL_Driver/Src/stm32f4xx_hal.o
 .comment       0x0000000000000050       0x51 ./Drivers/STM32F4xx_HAL_Driver/Src/stm32f4xx_hal_cortex.o
 .comment       0x0000000000000050       0x51 ./Drivers/STM32F4xx_HAL_Driver/Src/stm32f4xx_hal_gpio.o
 .comment       0x0000000000000050       0x51 ./Drivers/STM32F4xx_HAL_Driver/Src/stm32f4xx_hal_rcc.o
 .comment       0x0000000000000050       0x51 ./Drivers/STM32F4xx_HAL_Driver/Src/stm32f4xx_hal_rcc_ex.o
 .comment       0x0000000000000050       0x51 ./Drivers/STM32F4xx_HAL_Driver/Src/stm32f4xx_hal_tim.o
 .comment       0x0000000000000050       0x51 ./Drivers/STM32F4xx_HAL_Driver/Src/stm32f4xx_hal_tim_ex.o
 .comment       0x0000000000000050       0x51 ./ThirdParty/FreeRTOS/list.o
 .comment       0x0000000000000050       0x51 ./ThirdParty/FreeRTOS/tasks.o
 .comment       0x0000000000000050       0x51 ./ThirdParty/FreeRTOS/portable/GCC/ARM_CM4F/port.o
 .comment       0x0000000000000050       0x51 ./ThirdParty/FreeRTOS/portable/MemMang/heap_4.o

.debug_frame    0x0000000000000000     0x34d4
 .debug_frame   0x0000000000000000      0x104 ./Core/Src/main.o
 .debug_frame   0x0000000000000104       0x38 ./Core/Src/stm32f4xx_hal_msp.o
 .debug_frame   0x000000000000013c       0x74 ./Core/Src/stm32f4xx_hal_timebase_tim.o
 .debug_frame   0x00000000000001b0       0xc4 ./Core/Src/stm32f4xx_it.o
 .debug_frame   0x0000000000000274       0x58 ./Core/Src/system_stm32f4xx.o
 .debug_frame   0x00000000000002cc      0x374 ./Drivers/STM32F4xx_HAL_Driver/Src/stm32f4xx_hal.o
 .debug_frame   0x0000000000000640      0x498 ./Drivers/STM32F4xx_HAL_Driver/Src/stm32f4xx_hal_cortex.o
 .debug_frame   0x0000000000000ad8      0x14c ./Drivers/STM32F4xx_HAL_Driver/Src/stm32f4xx_hal_gpio.o
 .debug_frame   0x0000000000000c24      0x1f4 ./Drivers/STM32F4xx_HAL_Driver/Src/stm32f4xx_hal_rcc.o
 .debug_frame   0x0000000000000e18      0x1e8 ./Drivers/STM32F4xx_HAL_Driver/Src/stm32f4xx_hal_rcc_ex.o
 .debug_frame   0x0000000000001000     0x11c4 ./Drivers/STM32F4xx_HAL_Driver/Src/stm32f4xx_hal_tim.o
 .debug_frame   0x00000000000021c4      0x638 ./Drivers/STM32F4xx_HAL_Driver/Src/stm32f4xx_hal_tim_ex.o
 .debug_frame   0x00000000000027fc       0xd8 ./ThirdParty/FreeRTOS/list.o
 .debug_frame   0x00000000000028d4      0x880 ./ThirdParty/FreeRTOS/tasks.o
 .debug_frame   0x0000000000003154      0x1a8 ./ThirdParty/FreeRTOS/portable/GCC/ARM_CM4F/port.o
 .debug_frame   0x00000000000032fc      0x12c ./ThirdParty/FreeRTOS/portable/MemMang/heap_4.o
 .debug_frame   0x0000000000003428       0x2c d:/st/stm32cubeide_1.10.1/stm32cubeide/plugins/com.st.stm32cube.ide.mcu.externaltools.gnu-tools-for-stm32.10.3-2021.10.win32_1.0.0.202111181127/tools/bin/../lib/gcc/arm-none-eabi/10.3.1/../../../../arm-none-eabi/lib/thumb/v7e-m+fp/hard\libc_nano.a(lib_a-init.o)
 .debug_frame   0x0000000000003454       0x20 d:/st/stm32cubeide_1.10.1/stm32cubeide/plugins/com.st.stm32cube.ide.mcu.externaltools.gnu-tools-for-stm32.10.3-2021.10.win32_1.0.0.202111181127/tools/bin/../lib/gcc/arm-none-eabi/10.3.1/../../../../arm-none-eabi/lib/thumb/v7e-m+fp/hard\libc_nano.a(lib_a-memset.o)
 .debug_frame   0x0000000000003474       0x2c d:/st/stm32cubeide_1.10.1/stm32cubeide/plugins/com.st.stm32cube.ide.mcu.externaltools.gnu-tools-for-stm32.10.3-2021.10.win32_1.0.0.202111181127/tools/bin/../lib/gcc/arm-none-eabi/10.3.1/thumb/v7e-m+fp/hard\libgcc.a(_aeabi_uldivmod.o)
 .debug_frame   0x00000000000034a0       0x34 d:/st/stm32cubeide_1.10.1/stm32cubeide/plugins/com.st.stm32cube.ide.mcu.externaltools.gnu-tools-for-stm32.10.3-2021.10.win32_1.0.0.202111181127/tools/bin/../lib/gcc/arm-none-eabi/10.3.1/thumb/v7e-m+fp/hard\libgcc.a(_udivmoddi4.o)
